// Jest Snapshot v1, https://goo.gl/fbAQLP

exports[`<upload /> snapshot render component should console.log component 1`] = `"Loading..."`;
