// Jest Snapshot v1, https://goo.gl/fbAQLP

exports[`ProfileImage success renders correctly 1`] = `
<div>
  loading
</div>
`;
